// Jest Snapshot v1, https://goo.gl/fbAQLP

exports[`renders correctly 1`] = `
<form>
  <input
    onChange={[Function]}
    type="text"
    value=""
  />
</form>
`;
